[twofold.fuelthemes.net/home-slider/index.html]
[backblue.gif]
[fade.gif]
[index.html]
[cdnjs.cloudflare.com/ajax/libs/font-awesome/4.7.0/css/font-awesome.css]
[twofold.fuelthemes.net/wp-content/themes/twofold-wp/assets/css/app324d.css]
[twofold.fuelthemes.net/wp-content/themes/twofold-wp/assets/img/logo_light.png]
[twofold.fuelthemes.net/wp-includes/js/jquery/jquery-migrate.min330a.js]
[twofold.fuelthemes.net/wp-includes/js/jquery/jqueryb8ff.js]
[twofold.fuelthemes.net/wp-content/themes/twofold-wp/assets/img/logo_dark.png]
[twofold.fuelthemes.net/wp-content/uploads/2016/03/t-2.jpg]
[twofold.fuelthemes.net/wp-content/uploads/2016/03/t-3.jpg]
[twofold.fuelthemes.net/wp-content/uploads/2016/03/t-4.jpg]
[twofold.fuelthemes.net/wp-content/uploads/2016/03/t-5.jpg]
[twofold.fuelthemes.net/wp-content/uploads/2016/03/t-6.jpg]
[twofold.fuelthemes.net/wp-content/uploads/2016/03/j1h23-1.jpg]
[twofold.fuelthemes.net/wp-content/plugins/woocommerce/assets/js/frontend/add-to-cart.minc169.js]
[twofold.fuelthemes.net/wp-content/plugins/woocommerce/assets/js/jquery-blockui/jquery.blockUI.min44fd.js]
[twofold.fuelthemes.net/wp-content/plugins/woocommerce/assets/js/js-cookie/js.cookie.min6b25.js]
[twofold.fuelthemes.net/wp-content/plugins/woocommerce/assets/js/frontend/cart-fragments.minc169.js]
[twofold.fuelthemes.net/wp-content/themes/twofold-wp/assets/js/vendor.min324d.js]
[twofold.fuelthemes.net/wp-includes/js/underscore.min4511.js]
[twofold.fuelthemes.net/wp-content/themes/twofold-wp/assets/js/app.min324d.js]
[twofold.fuelthemes.net/wp-includes/js/wp-embed.min5010.js]
[twofold.fuelthemes.net/home-slider/index.html]
[cdnjs.cloudflare.com/ajax/libs/font-awesome/4.7.0/css/font-awesome.css]
[twofold.fuelthemes.net/wp-content/themes/twofold-wp/assets/img/password-bg.jpg]
[twofold.fuelthemes.net/wp-content/themes/twofold-wp/assets/img/preloader.png]
[twofold.fuelthemes.net/wp-content/themes/twofold-wp/assets/img/vimeo-play.png]
[twofold.fuelthemes.net/wp-content/themes/twofold-wp/assets/img/video-play.png]
[twofold.fuelthemes.net/wp-content/themes/twofold-wp/assets/img/youtube-play.png]
[twofold.fuelthemes.net/wp-content/themes/twofold-wp/assets/img/loading.gif]
[twofold.fuelthemes.net/wp-content/themes/twofold-wp/assets/img/404-bg.jpg]
[twofold.fuelthemes.net/wp-content/themes/twofold-wp/assets/css/app324d.css]
[twofold.fuelthemes.net/wp-includes/js/jquery/jqueryb8ff.js]
[twofold.fuelthemes.net/wp-includes/js/jquery/jquery-migrate.min330a.js]
[twofold.fuelthemes.net/wp-content/plugins/woocommerce/assets/js/frontend/add-to-cart.minc169.js]
[twofold.fuelthemes.net/wp-content/plugins/woocommerce/assets/js/jquery-blockui/jquery.blockUI.min44fd.js]
[twofold.fuelthemes.net/wp-content/plugins/woocommerce/assets/js/js-cookie/js.cookie.min6b25.js]
[twofold.fuelthemes.net/wp-content/plugins/woocommerce/assets/js/frontend/woocommerce.minc169.js]
[twofold.fuelthemes.net/wp-content/plugins/woocommerce/assets/js/frontend/cart-fragments.minc169.js]
[twofold.fuelthemes.net/TweenLite.min.1c.delayed]
[twofold.fuelthemes.net/wp-content/themes/twofold-wp/assets/js/vendor.min324d.js]
[twofold.fuelthemes.net/wp-includes/js/underscore.min4511.js]
[twofold.fuelthemes.net/wp-content/themes/twofold-wp/assets/js/app.min324d.js]
[twofold.fuelthemes.net/wp-includes/js/wp-embed.min5010.js]
[twofold.fuelthemes.net/home-slider/Version/index.html]
[twofold.fuelthemes.net/TweenLite.min.html]
